// Jest Snapshot v1, https://goo.gl/fbAQLP

exports[`MapReturnType [()=>bool,()=>void,()=>string]==[bool,void,string] (type) should match snapshot 1`] = `"[boolean, void, string]"`;
