// Jest Snapshot v1, https://goo.gl/fbAQLP

exports[`MergeUnion {foo}|{bar}=={foo,bar} (type) should match snapshot 1`] = `"{ foo: true; bar: true; }"`;
